// Jest Snapshot v1, https://goo.gl/fbAQLP

exports[`containers/CommunityCreated/View should match the snapshot 1`] = `
<View__Container>
  <Head>
    <title>
      Community updated - Kauri
    </title>
  </Head>
  <Typography__styledComponent>
    Community
  </Typography__styledComponent>
  <Typography__component>
    Your community is now updated
  </Typography__component>
  <CommunityCard
    articleCount="6"
    cardHeight={310}
    collectionCount="0"
    description="Java is one of the worlds most popular programming languages used in global-scale applications by developers everywhere. This community brings together developers and projects at the forefront of bringing Ethereum support to this rich language ecosystem."
    id="5d2f30daaba2920001c82409"
    imageURL="https://api.kauri.io:443/ipfs/QmPyoXQaK9uA1oedsptssr1EhYRBF1A9vrnypbKAkMhuxQ"
    linkComponent={[Function]}
    logo="https://api.kauri.io:443/ipfs/QmQ9to7bfbR6ADTG2tAKVxWTNw8o3YbwJ1LzdpEJeanLBX"
    name="Java Ethereum"
  />
  <PrimaryButtonComponent
    onClick={[Function]}
  >
    View Community
  </PrimaryButtonComponent>
</View__Container>
`;
