// Jest Snapshot v1, https://goo.gl/fbAQLP

exports[`containers/WriteArticle/View should match the snapshot 1`] = `
<Fragment>
  <_default
    attributes={
      Object {
        "background": null,
        "canonical": null,
      }
    }
    handleSubmit={[Function]}
    selectDestination={[Function]}
    setAttributes={[Function]}
  />
  <_default
    attributes={
      Object {
        "background": null,
        "canonical": null,
      }
    }
    setTags={[Function]}
    setTitle={[Function]}
    tags={Array []}
    title={null}
  />
  <Editor
    compact={false}
    onChange={[Function]}
    text={null}
    withTabs={true}
    withToolbar={true}
  />
</Fragment>
`;
