// Jest Snapshot v1, https://goo.gl/fbAQLP

exports[`components/FeaturedResource should match snapshot 1`] = `
<ThemeProvider
  theme={
    Object {
      "DEFAULT_CARD_WIDTH": 288,
      "MAIN_BODY_WIDTH": 1242,
      "bg": Object {
        "bgPrimary": "#1E2428",
        "bgSecondary": "#1E3D3B",
        "borderTextArea": "#979797",
        "contentBorder": "1px solid rgba(30, 36, 40, 0.19)",
        "disabledBackgroundColor": "#D6D6D6",
        "disabledTextColor": "#9B9B9B",
        "divider": "#EBEBEB",
        "errorRedColor": "#C03030",
        "hoverTextColor": "#108E72",
        "padding": "calc((100vw - \${props => props.theme.breakpoints[2]}) / 2)",
        "paddingTop": "2.5em",
        "primary": "#0BA986",
        "primaryColor": "#0BA986",
        "primaryDark": "#11856B",
        "primaryTextColor": "#1E2428",
        "secondary": "#11856B",
        "secondaryBlue": "rgb(81, 123, 162, 1)",
        "secondaryBlueDark": "rgb(81, 118, 142, 1)",
        "secondaryColor": "#1E3D3B",
        "secondaryTextColor": "#283035",
        "tertiaryBackgroundColor": "#F7F7F7",
        "textPrimary": "#1E2428",
        "white": "#FFFFFF",
      },
      "bgPrimary": "#1E2428",
      "bgSecondary": "#1E3D3B",
      "borderTextArea": "#979797",
      "breakpoints": Array [
        "500px",
        "52em",
        "1242px",
      ],
      "colors": Object {
        "bgPrimary": "#1E2428",
        "bgSecondary": "#1E3D3B",
        "borderTextArea": "#979797",
        "contentBorder": "1px solid rgba(30, 36, 40, 0.19)",
        "disabledBackgroundColor": "#D6D6D6",
        "disabledTextColor": "#9B9B9B",
        "divider": "#EBEBEB",
        "errorRedColor": "#C03030",
        "hoverTextColor": "#108E72",
        "padding": "calc((100vw - \${props => props.theme.breakpoints[2]}) / 2)",
        "paddingTop": "2.5em",
        "primary": "#0BA986",
        "primaryColor": "#0BA986",
        "primaryDark": "#11856B",
        "primaryTextColor": "#1E2428",
        "secondary": "#11856B",
        "secondaryBlue": "rgb(81, 123, 162, 1)",
        "secondaryBlueDark": "rgb(81, 118, 142, 1)",
        "secondaryColor": "#1E3D3B",
        "secondaryTextColor": "#283035",
        "tertiaryBackgroundColor": "#F7F7F7",
        "textPrimary": "#1E2428",
        "white": "#FFFFFF",
      },
      "contentBorder": "1px solid rgba(30, 36, 40, 0.19)",
      "disabledBackgroundColor": "#D6D6D6",
      "disabledTextColor": "#9B9B9B",
      "divider": "#EBEBEB",
      "errorRedColor": "#C03030",
      "fontSizes": Array [
        11,
        13,
        14,
        16,
        18,
        20,
        22,
        28,
        32,
      ],
      "fontWeight": Array [
        300,
        "normal",
        500,
        700,
      ],
      "hoverTextColor": "#108E72",
      "padContent": "
    max-width: 1242px;
    margin-left: auto;
    margin-right: auto;
    @media (min-width: 1242px) {
      min-width: 1242px;
    }
    @media (max-width: 1242px) {
      min-width: 90%;
    }
  ",
      "padding": "calc((100vw - 1242px) / 2)",
      "paddingTop": "2.5em",
      "primary": "#0BA986",
      "primaryColor": "#0BA986",
      "primaryDark": "#11856B",
      "primaryTextColor": "#1E2428",
      "secondary": "#11856B",
      "secondaryBlue": "rgb(81, 123, 162, 1)",
      "secondaryBlueDark": "rgb(81, 118, 142, 1)",
      "secondaryColor": "#1E3D3B",
      "secondaryTextColor": "#283035",
      "space": Array [
        0,
        10,
        15,
        30,
        60,
      ],
      "tertiaryBackgroundColor": "#F7F7F7",
      "textPrimary": "#1E2428",
      "white": "#FFFFFF",
    }
  }
>
  <FeaturedResource
    avatar="avatar url"
    description="test description"
    id="11"
    linkComponent={[MockFunction]}
    ownerResourceType="COMMUNITY"
    resourceType="ARTICLE"
    tags={
      Array [
        "test",
      ]
    }
    title="Test Title"
    version={null}
  >
    <WithStyles(ForwardRef(Grid))
      className="makeStyles-root-1"
    >
      <ForwardRef(Grid)
        className="makeStyles-root-1"
        classes={
          Object {
            "align-content-xs-center": "MuiGrid-align-content-xs-center",
            "align-content-xs-flex-end": "MuiGrid-align-content-xs-flex-end",
            "align-content-xs-flex-start": "MuiGrid-align-content-xs-flex-start",
            "align-content-xs-space-around": "MuiGrid-align-content-xs-space-around",
            "align-content-xs-space-between": "MuiGrid-align-content-xs-space-between",
            "align-items-xs-baseline": "MuiGrid-align-items-xs-baseline",
            "align-items-xs-center": "MuiGrid-align-items-xs-center",
            "align-items-xs-flex-end": "MuiGrid-align-items-xs-flex-end",
            "align-items-xs-flex-start": "MuiGrid-align-items-xs-flex-start",
            "container": "MuiGrid-container",
            "direction-xs-column": "MuiGrid-direction-xs-column",
            "direction-xs-column-reverse": "MuiGrid-direction-xs-column-reverse",
            "direction-xs-row-reverse": "MuiGrid-direction-xs-row-reverse",
            "grid-lg-1": "MuiGrid-grid-lg-1",
            "grid-lg-10": "MuiGrid-grid-lg-10",
            "grid-lg-11": "MuiGrid-grid-lg-11",
            "grid-lg-12": "MuiGrid-grid-lg-12",
            "grid-lg-2": "MuiGrid-grid-lg-2",
            "grid-lg-3": "MuiGrid-grid-lg-3",
            "grid-lg-4": "MuiGrid-grid-lg-4",
            "grid-lg-5": "MuiGrid-grid-lg-5",
            "grid-lg-6": "MuiGrid-grid-lg-6",
            "grid-lg-7": "MuiGrid-grid-lg-7",
            "grid-lg-8": "MuiGrid-grid-lg-8",
            "grid-lg-9": "MuiGrid-grid-lg-9",
            "grid-lg-auto": "MuiGrid-grid-lg-auto",
            "grid-lg-true": "MuiGrid-grid-lg-true",
            "grid-md-1": "MuiGrid-grid-md-1",
            "grid-md-10": "MuiGrid-grid-md-10",
            "grid-md-11": "MuiGrid-grid-md-11",
            "grid-md-12": "MuiGrid-grid-md-12",
            "grid-md-2": "MuiGrid-grid-md-2",
            "grid-md-3": "MuiGrid-grid-md-3",
            "grid-md-4": "MuiGrid-grid-md-4",
            "grid-md-5": "MuiGrid-grid-md-5",
            "grid-md-6": "MuiGrid-grid-md-6",
            "grid-md-7": "MuiGrid-grid-md-7",
            "grid-md-8": "MuiGrid-grid-md-8",
            "grid-md-9": "MuiGrid-grid-md-9",
            "grid-md-auto": "MuiGrid-grid-md-auto",
            "grid-md-true": "MuiGrid-grid-md-true",
            "grid-sm-1": "MuiGrid-grid-sm-1",
            "grid-sm-10": "MuiGrid-grid-sm-10",
            "grid-sm-11": "MuiGrid-grid-sm-11",
            "grid-sm-12": "MuiGrid-grid-sm-12",
            "grid-sm-2": "MuiGrid-grid-sm-2",
            "grid-sm-3": "MuiGrid-grid-sm-3",
            "grid-sm-4": "MuiGrid-grid-sm-4",
            "grid-sm-5": "MuiGrid-grid-sm-5",
            "grid-sm-6": "MuiGrid-grid-sm-6",
            "grid-sm-7": "MuiGrid-grid-sm-7",
            "grid-sm-8": "MuiGrid-grid-sm-8",
            "grid-sm-9": "MuiGrid-grid-sm-9",
            "grid-sm-auto": "MuiGrid-grid-sm-auto",
            "grid-sm-true": "MuiGrid-grid-sm-true",
            "grid-xl-1": "MuiGrid-grid-xl-1",
            "grid-xl-10": "MuiGrid-grid-xl-10",
            "grid-xl-11": "MuiGrid-grid-xl-11",
            "grid-xl-12": "MuiGrid-grid-xl-12",
            "grid-xl-2": "MuiGrid-grid-xl-2",
            "grid-xl-3": "MuiGrid-grid-xl-3",
            "grid-xl-4": "MuiGrid-grid-xl-4",
            "grid-xl-5": "MuiGrid-grid-xl-5",
            "grid-xl-6": "MuiGrid-grid-xl-6",
            "grid-xl-7": "MuiGrid-grid-xl-7",
            "grid-xl-8": "MuiGrid-grid-xl-8",
            "grid-xl-9": "MuiGrid-grid-xl-9",
            "grid-xl-auto": "MuiGrid-grid-xl-auto",
            "grid-xl-true": "MuiGrid-grid-xl-true",
            "grid-xs-1": "MuiGrid-grid-xs-1",
            "grid-xs-10": "MuiGrid-grid-xs-10",
            "grid-xs-11": "MuiGrid-grid-xs-11",
            "grid-xs-12": "MuiGrid-grid-xs-12",
            "grid-xs-2": "MuiGrid-grid-xs-2",
            "grid-xs-3": "MuiGrid-grid-xs-3",
            "grid-xs-4": "MuiGrid-grid-xs-4",
            "grid-xs-5": "MuiGrid-grid-xs-5",
            "grid-xs-6": "MuiGrid-grid-xs-6",
            "grid-xs-7": "MuiGrid-grid-xs-7",
            "grid-xs-8": "MuiGrid-grid-xs-8",
            "grid-xs-9": "MuiGrid-grid-xs-9",
            "grid-xs-auto": "MuiGrid-grid-xs-auto",
            "grid-xs-true": "MuiGrid-grid-xs-true",
            "item": "MuiGrid-item",
            "justify-xs-center": "MuiGrid-justify-xs-center",
            "justify-xs-flex-end": "MuiGrid-justify-xs-flex-end",
            "justify-xs-space-around": "MuiGrid-justify-xs-space-around",
            "justify-xs-space-between": "MuiGrid-justify-xs-space-between",
            "justify-xs-space-evenly": "MuiGrid-justify-xs-space-evenly",
            "root": "MuiGrid-root",
            "spacing-xs-1": "MuiGrid-spacing-xs-1",
            "spacing-xs-10": "MuiGrid-spacing-xs-10",
            "spacing-xs-2": "MuiGrid-spacing-xs-2",
            "spacing-xs-3": "MuiGrid-spacing-xs-3",
            "spacing-xs-4": "MuiGrid-spacing-xs-4",
            "spacing-xs-5": "MuiGrid-spacing-xs-5",
            "spacing-xs-6": "MuiGrid-spacing-xs-6",
            "spacing-xs-7": "MuiGrid-spacing-xs-7",
            "spacing-xs-8": "MuiGrid-spacing-xs-8",
            "spacing-xs-9": "MuiGrid-spacing-xs-9",
            "wrap-xs-nowrap": "MuiGrid-wrap-xs-nowrap",
            "wrap-xs-wrap-reverse": "MuiGrid-wrap-xs-wrap-reverse",
            "zeroMinWidth": "MuiGrid-zeroMinWidth",
          }
        }
      >
        <div
          className="MuiGrid-root makeStyles-root-1"
        >
          <WithStyles(ForwardRef(Grid))
            className="makeStyles-container-2"
            container={true}
            spacing={2}
          >
            <ForwardRef(Grid)
              className="makeStyles-container-2"
              classes={
                Object {
                  "align-content-xs-center": "MuiGrid-align-content-xs-center",
                  "align-content-xs-flex-end": "MuiGrid-align-content-xs-flex-end",
                  "align-content-xs-flex-start": "MuiGrid-align-content-xs-flex-start",
                  "align-content-xs-space-around": "MuiGrid-align-content-xs-space-around",
                  "align-content-xs-space-between": "MuiGrid-align-content-xs-space-between",
                  "align-items-xs-baseline": "MuiGrid-align-items-xs-baseline",
                  "align-items-xs-center": "MuiGrid-align-items-xs-center",
                  "align-items-xs-flex-end": "MuiGrid-align-items-xs-flex-end",
                  "align-items-xs-flex-start": "MuiGrid-align-items-xs-flex-start",
                  "container": "MuiGrid-container",
                  "direction-xs-column": "MuiGrid-direction-xs-column",
                  "direction-xs-column-reverse": "MuiGrid-direction-xs-column-reverse",
                  "direction-xs-row-reverse": "MuiGrid-direction-xs-row-reverse",
                  "grid-lg-1": "MuiGrid-grid-lg-1",
                  "grid-lg-10": "MuiGrid-grid-lg-10",
                  "grid-lg-11": "MuiGrid-grid-lg-11",
                  "grid-lg-12": "MuiGrid-grid-lg-12",
                  "grid-lg-2": "MuiGrid-grid-lg-2",
                  "grid-lg-3": "MuiGrid-grid-lg-3",
                  "grid-lg-4": "MuiGrid-grid-lg-4",
                  "grid-lg-5": "MuiGrid-grid-lg-5",
                  "grid-lg-6": "MuiGrid-grid-lg-6",
                  "grid-lg-7": "MuiGrid-grid-lg-7",
                  "grid-lg-8": "MuiGrid-grid-lg-8",
                  "grid-lg-9": "MuiGrid-grid-lg-9",
                  "grid-lg-auto": "MuiGrid-grid-lg-auto",
                  "grid-lg-true": "MuiGrid-grid-lg-true",
                  "grid-md-1": "MuiGrid-grid-md-1",
                  "grid-md-10": "MuiGrid-grid-md-10",
                  "grid-md-11": "MuiGrid-grid-md-11",
                  "grid-md-12": "MuiGrid-grid-md-12",
                  "grid-md-2": "MuiGrid-grid-md-2",
                  "grid-md-3": "MuiGrid-grid-md-3",
                  "grid-md-4": "MuiGrid-grid-md-4",
                  "grid-md-5": "MuiGrid-grid-md-5",
                  "grid-md-6": "MuiGrid-grid-md-6",
                  "grid-md-7": "MuiGrid-grid-md-7",
                  "grid-md-8": "MuiGrid-grid-md-8",
                  "grid-md-9": "MuiGrid-grid-md-9",
                  "grid-md-auto": "MuiGrid-grid-md-auto",
                  "grid-md-true": "MuiGrid-grid-md-true",
                  "grid-sm-1": "MuiGrid-grid-sm-1",
                  "grid-sm-10": "MuiGrid-grid-sm-10",
                  "grid-sm-11": "MuiGrid-grid-sm-11",
                  "grid-sm-12": "MuiGrid-grid-sm-12",
                  "grid-sm-2": "MuiGrid-grid-sm-2",
                  "grid-sm-3": "MuiGrid-grid-sm-3",
                  "grid-sm-4": "MuiGrid-grid-sm-4",
                  "grid-sm-5": "MuiGrid-grid-sm-5",
                  "grid-sm-6": "MuiGrid-grid-sm-6",
                  "grid-sm-7": "MuiGrid-grid-sm-7",
                  "grid-sm-8": "MuiGrid-grid-sm-8",
                  "grid-sm-9": "MuiGrid-grid-sm-9",
                  "grid-sm-auto": "MuiGrid-grid-sm-auto",
                  "grid-sm-true": "MuiGrid-grid-sm-true",
                  "grid-xl-1": "MuiGrid-grid-xl-1",
                  "grid-xl-10": "MuiGrid-grid-xl-10",
                  "grid-xl-11": "MuiGrid-grid-xl-11",
                  "grid-xl-12": "MuiGrid-grid-xl-12",
                  "grid-xl-2": "MuiGrid-grid-xl-2",
                  "grid-xl-3": "MuiGrid-grid-xl-3",
                  "grid-xl-4": "MuiGrid-grid-xl-4",
                  "grid-xl-5": "MuiGrid-grid-xl-5",
                  "grid-xl-6": "MuiGrid-grid-xl-6",
                  "grid-xl-7": "MuiGrid-grid-xl-7",
                  "grid-xl-8": "MuiGrid-grid-xl-8",
                  "grid-xl-9": "MuiGrid-grid-xl-9",
                  "grid-xl-auto": "MuiGrid-grid-xl-auto",
                  "grid-xl-true": "MuiGrid-grid-xl-true",
                  "grid-xs-1": "MuiGrid-grid-xs-1",
                  "grid-xs-10": "MuiGrid-grid-xs-10",
                  "grid-xs-11": "MuiGrid-grid-xs-11",
                  "grid-xs-12": "MuiGrid-grid-xs-12",
                  "grid-xs-2": "MuiGrid-grid-xs-2",
                  "grid-xs-3": "MuiGrid-grid-xs-3",
                  "grid-xs-4": "MuiGrid-grid-xs-4",
                  "grid-xs-5": "MuiGrid-grid-xs-5",
                  "grid-xs-6": "MuiGrid-grid-xs-6",
                  "grid-xs-7": "MuiGrid-grid-xs-7",
                  "grid-xs-8": "MuiGrid-grid-xs-8",
                  "grid-xs-9": "MuiGrid-grid-xs-9",
                  "grid-xs-auto": "MuiGrid-grid-xs-auto",
                  "grid-xs-true": "MuiGrid-grid-xs-true",
                  "item": "MuiGrid-item",
                  "justify-xs-center": "MuiGrid-justify-xs-center",
                  "justify-xs-flex-end": "MuiGrid-justify-xs-flex-end",
                  "justify-xs-space-around": "MuiGrid-justify-xs-space-around",
                  "justify-xs-space-between": "MuiGrid-justify-xs-space-between",
                  "justify-xs-space-evenly": "MuiGrid-justify-xs-space-evenly",
                  "root": "MuiGrid-root",
                  "spacing-xs-1": "MuiGrid-spacing-xs-1",
                  "spacing-xs-10": "MuiGrid-spacing-xs-10",
                  "spacing-xs-2": "MuiGrid-spacing-xs-2",
                  "spacing-xs-3": "MuiGrid-spacing-xs-3",
                  "spacing-xs-4": "MuiGrid-spacing-xs-4",
                  "spacing-xs-5": "MuiGrid-spacing-xs-5",
                  "spacing-xs-6": "MuiGrid-spacing-xs-6",
                  "spacing-xs-7": "MuiGrid-spacing-xs-7",
                  "spacing-xs-8": "MuiGrid-spacing-xs-8",
                  "spacing-xs-9": "MuiGrid-spacing-xs-9",
                  "wrap-xs-nowrap": "MuiGrid-wrap-xs-nowrap",
                  "wrap-xs-wrap-reverse": "MuiGrid-wrap-xs-wrap-reverse",
                  "zeroMinWidth": "MuiGrid-zeroMinWidth",
                }
              }
              container={true}
              spacing={2}
            >
              <div
                className="MuiGrid-root makeStyles-container-2 MuiGrid-container MuiGrid-spacing-xs-2"
              >
                <WithStyles(ForwardRef(Grid))
                  container={true}
                  direction="column"
                  item={true}
                  sm={9}
                >
                  <ForwardRef(Grid)
                    classes={
                      Object {
                        "align-content-xs-center": "MuiGrid-align-content-xs-center",
                        "align-content-xs-flex-end": "MuiGrid-align-content-xs-flex-end",
                        "align-content-xs-flex-start": "MuiGrid-align-content-xs-flex-start",
                        "align-content-xs-space-around": "MuiGrid-align-content-xs-space-around",
                        "align-content-xs-space-between": "MuiGrid-align-content-xs-space-between",
                        "align-items-xs-baseline": "MuiGrid-align-items-xs-baseline",
                        "align-items-xs-center": "MuiGrid-align-items-xs-center",
                        "align-items-xs-flex-end": "MuiGrid-align-items-xs-flex-end",
                        "align-items-xs-flex-start": "MuiGrid-align-items-xs-flex-start",
                        "container": "MuiGrid-container",
                        "direction-xs-column": "MuiGrid-direction-xs-column",
                        "direction-xs-column-reverse": "MuiGrid-direction-xs-column-reverse",
                        "direction-xs-row-reverse": "MuiGrid-direction-xs-row-reverse",
                        "grid-lg-1": "MuiGrid-grid-lg-1",
                        "grid-lg-10": "MuiGrid-grid-lg-10",
                        "grid-lg-11": "MuiGrid-grid-lg-11",
                        "grid-lg-12": "MuiGrid-grid-lg-12",
                        "grid-lg-2": "MuiGrid-grid-lg-2",
                        "grid-lg-3": "MuiGrid-grid-lg-3",
                        "grid-lg-4": "MuiGrid-grid-lg-4",
                        "grid-lg-5": "MuiGrid-grid-lg-5",
                        "grid-lg-6": "MuiGrid-grid-lg-6",
                        "grid-lg-7": "MuiGrid-grid-lg-7",
                        "grid-lg-8": "MuiGrid-grid-lg-8",
                        "grid-lg-9": "MuiGrid-grid-lg-9",
                        "grid-lg-auto": "MuiGrid-grid-lg-auto",
                        "grid-lg-true": "MuiGrid-grid-lg-true",
                        "grid-md-1": "MuiGrid-grid-md-1",
                        "grid-md-10": "MuiGrid-grid-md-10",
                        "grid-md-11": "MuiGrid-grid-md-11",
                        "grid-md-12": "MuiGrid-grid-md-12",
                        "grid-md-2": "MuiGrid-grid-md-2",
                        "grid-md-3": "MuiGrid-grid-md-3",
                        "grid-md-4": "MuiGrid-grid-md-4",
                        "grid-md-5": "MuiGrid-grid-md-5",
                        "grid-md-6": "MuiGrid-grid-md-6",
                        "grid-md-7": "MuiGrid-grid-md-7",
                        "grid-md-8": "MuiGrid-grid-md-8",
                        "grid-md-9": "MuiGrid-grid-md-9",
                        "grid-md-auto": "MuiGrid-grid-md-auto",
                        "grid-md-true": "MuiGrid-grid-md-true",
                        "grid-sm-1": "MuiGrid-grid-sm-1",
                        "grid-sm-10": "MuiGrid-grid-sm-10",
                        "grid-sm-11": "MuiGrid-grid-sm-11",
                        "grid-sm-12": "MuiGrid-grid-sm-12",
                        "grid-sm-2": "MuiGrid-grid-sm-2",
                        "grid-sm-3": "MuiGrid-grid-sm-3",
                        "grid-sm-4": "MuiGrid-grid-sm-4",
                        "grid-sm-5": "MuiGrid-grid-sm-5",
                        "grid-sm-6": "MuiGrid-grid-sm-6",
                        "grid-sm-7": "MuiGrid-grid-sm-7",
                        "grid-sm-8": "MuiGrid-grid-sm-8",
                        "grid-sm-9": "MuiGrid-grid-sm-9",
                        "grid-sm-auto": "MuiGrid-grid-sm-auto",
                        "grid-sm-true": "MuiGrid-grid-sm-true",
                        "grid-xl-1": "MuiGrid-grid-xl-1",
                        "grid-xl-10": "MuiGrid-grid-xl-10",
                        "grid-xl-11": "MuiGrid-grid-xl-11",
                        "grid-xl-12": "MuiGrid-grid-xl-12",
                        "grid-xl-2": "MuiGrid-grid-xl-2",
                        "grid-xl-3": "MuiGrid-grid-xl-3",
                        "grid-xl-4": "MuiGrid-grid-xl-4",
                        "grid-xl-5": "MuiGrid-grid-xl-5",
                        "grid-xl-6": "MuiGrid-grid-xl-6",
                        "grid-xl-7": "MuiGrid-grid-xl-7",
                        "grid-xl-8": "MuiGrid-grid-xl-8",
                        "grid-xl-9": "MuiGrid-grid-xl-9",
                        "grid-xl-auto": "MuiGrid-grid-xl-auto",
                        "grid-xl-true": "MuiGrid-grid-xl-true",
                        "grid-xs-1": "MuiGrid-grid-xs-1",
                        "grid-xs-10": "MuiGrid-grid-xs-10",
                        "grid-xs-11": "MuiGrid-grid-xs-11",
                        "grid-xs-12": "MuiGrid-grid-xs-12",
                        "grid-xs-2": "MuiGrid-grid-xs-2",
                        "grid-xs-3": "MuiGrid-grid-xs-3",
                        "grid-xs-4": "MuiGrid-grid-xs-4",
                        "grid-xs-5": "MuiGrid-grid-xs-5",
                        "grid-xs-6": "MuiGrid-grid-xs-6",
                        "grid-xs-7": "MuiGrid-grid-xs-7",
                        "grid-xs-8": "MuiGrid-grid-xs-8",
                        "grid-xs-9": "MuiGrid-grid-xs-9",
                        "grid-xs-auto": "MuiGrid-grid-xs-auto",
                        "grid-xs-true": "MuiGrid-grid-xs-true",
                        "item": "MuiGrid-item",
                        "justify-xs-center": "MuiGrid-justify-xs-center",
                        "justify-xs-flex-end": "MuiGrid-justify-xs-flex-end",
                        "justify-xs-space-around": "MuiGrid-justify-xs-space-around",
                        "justify-xs-space-between": "MuiGrid-justify-xs-space-between",
                        "justify-xs-space-evenly": "MuiGrid-justify-xs-space-evenly",
                        "root": "MuiGrid-root",
                        "spacing-xs-1": "MuiGrid-spacing-xs-1",
                        "spacing-xs-10": "MuiGrid-spacing-xs-10",
                        "spacing-xs-2": "MuiGrid-spacing-xs-2",
                        "spacing-xs-3": "MuiGrid-spacing-xs-3",
                        "spacing-xs-4": "MuiGrid-spacing-xs-4",
                        "spacing-xs-5": "MuiGrid-spacing-xs-5",
                        "spacing-xs-6": "MuiGrid-spacing-xs-6",
                        "spacing-xs-7": "MuiGrid-spacing-xs-7",
                        "spacing-xs-8": "MuiGrid-spacing-xs-8",
                        "spacing-xs-9": "MuiGrid-spacing-xs-9",
                        "wrap-xs-nowrap": "MuiGrid-wrap-xs-nowrap",
                        "wrap-xs-wrap-reverse": "MuiGrid-wrap-xs-wrap-reverse",
                        "zeroMinWidth": "MuiGrid-zeroMinWidth",
                      }
                    }
                    container={true}
                    direction="column"
                    item={true}
                    sm={9}
                  >
                    <div
                      className="MuiGrid-root MuiGrid-container MuiGrid-item MuiGrid-direction-xs-column MuiGrid-grid-sm-9"
                    >
                      <Typography__component>
                        <StyledComponent
                          forwardedComponent={
                            Object {
                              "$$typeof": Symbol(react.forward_ref),
                              "attrs": Array [],
                              "componentStyle": ComponentStyle {
                                "componentId": "Typography__component-sc-36xkf6-0",
                                "isStatic": false,
                                "lastClassName": "kALGmD",
                                "rules": Array [
                                  "font-size:11px;font-weight:bold;text-transform:uppercase;color:",
                                  [Function],
                                  ";text-align:",
                                  [Function],
                                  ";",
                                  [Function],
                                  " ",
                                  [Function],
                                ],
                              },
                              "displayName": "Typography__component",
                              "foldedComponentIds": Array [],
                              "render": [Function],
                              "styledComponentId": "Typography__component-sc-36xkf6-0",
                              "target": "span",
                              "toString": [Function],
                              "warnTooManyClasses": [Function],
                              "withComponent": [Function],
                            }
                          }
                          forwardedRef={null}
                        >
                          <span
                            className="Typography__component-sc-36xkf6-0 kALGmD"
                          >
                            Featured
                          </span>
                        </StyledComponent>
                      </Typography__component>
                      <Link
                        href="/community/11"
                        prefetch={true}
                      >
                        <a
                          href="/community/11"
                          onClick={[Function]}
                          onMouseEnter={[Function]}
                        >
                          <Typography__styledComponent>
                            <StyledComponent
                              forwardedComponent={
                                Object {
                                  "$$typeof": Symbol(react.forward_ref),
                                  "attrs": Array [],
                                  "componentStyle": ComponentStyle {
                                    "componentId": "Typography__styledComponent-sc-36xkf6-5",
                                    "isStatic": false,
                                    "lastClassName": "eLGQne",
                                    "rules": Array [
                                      "color:",
                                      [Function],
                                      ";margin:0px;font-weight:",
                                      "500",
                                      ";",
                                      ";font-size:",
                                      "20",
                                      "px;text-transform:",
                                      [Function],
                                      ";text-align:",
                                      [Function],
                                      ";:hover{color:",
                                      [Function],
                                      ";cursor:",
                                      [Function],
                                      ";}",
                                    ],
                                  },
                                  "displayName": "Typography__styledComponent",
                                  "foldedComponentIds": Array [],
                                  "render": [Function],
                                  "styledComponentId": "Typography__styledComponent-sc-36xkf6-5",
                                  "target": "span",
                                  "toString": [Function],
                                  "warnTooManyClasses": [Function],
                                  "withComponent": [Function],
                                }
                              }
                              forwardedRef={null}
                            >
                              <span
                                className="Typography__styledComponent-sc-36xkf6-5 eLGQne"
                              >
                                Test Title
                              </span>
                            </StyledComponent>
                          </Typography__styledComponent>
                          <Typography__component>
                            <StyledComponent
                              forwardedComponent={
                                Object {
                                  "$$typeof": Symbol(react.forward_ref),
                                  "attrs": Array [],
                                  "componentStyle": ComponentStyle {
                                    "componentId": "Typography__component-sc-36xkf6-4",
                                    "isStatic": false,
                                    "lastClassName": "kdkRvh",
                                    "rules": Array [
                                      "font-size:14px;font-weight:normal;letter-spacing:-0.1px;margin-bottom:",
                                      [Function],
                                      "px;line-height:18px;color:",
                                      [Function],
                                      ";",
                                      ";",
                                      [Function],
                                      ";",
                                    ],
                                  },
                                  "displayName": "Typography__component",
                                  "foldedComponentIds": Array [],
                                  "render": [Function],
                                  "styledComponentId": "Typography__component-sc-36xkf6-4",
                                  "target": "span",
                                  "toString": [Function],
                                  "warnTooManyClasses": [Function],
                                  "withComponent": [Function],
                                }
                              }
                              forwardedRef={null}
                            >
                              <span
                                className="Typography__component-sc-36xkf6-4 kdkRvh"
                              >
                                test description
                              </span>
                            </StyledComponent>
                          </Typography__component>
                        </a>
                      </Link>
                      <TagList
                        color="textPrimary"
                        maxTags={3}
                        tags={
                          Array [
                            "test",
                          ]
                        }
                      >
                        <TagList__Container>
                          <StyledComponent
                            forwardedComponent={
                              Object {
                                "$$typeof": Symbol(react.forward_ref),
                                "attrs": Array [],
                                "componentStyle": ComponentStyle {
                                  "componentId": "TagList__Container-ipfhd9-0",
                                  "isStatic": false,
                                  "lastClassName": "ihYPdv",
                                  "rules": Array [
                                    "display:flex;margin:",
                                    "10",
                                    "px 0 0 0;flex-direction:",
                                    [Function],
                                    ";flex-wrap:wrap;justify-content:",
                                    [Function],
                                    ";",
                                  ],
                                },
                                "displayName": "TagList__Container",
                                "foldedComponentIds": Array [],
                                "render": [Function],
                                "styledComponentId": "TagList__Container-ipfhd9-0",
                                "target": "div",
                                "toString": [Function],
                                "warnTooManyClasses": [Function],
                                "withComponent": [Function],
                              }
                            }
                            forwardedRef={null}
                          >
                            <div
                              className="TagList__Container-ipfhd9-0 ihYPdv"
                            >
                              <TagList__StyledTag
                                color="textPrimary"
                                hiddenTags={false}
                                key="0"
                                onClick={[Function]}
                              >
                                <StyledComponent
                                  color="textPrimary"
                                  forwardedComponent={
                                    Object {
                                      "$$typeof": Symbol(react.forward_ref),
                                      "attrs": Array [],
                                      "componentStyle": ComponentStyle {
                                        "componentId": "TagList__StyledTag-ipfhd9-1",
                                        "isStatic": false,
                                        "lastClassName": "ePLZPc",
                                        "rules": Array [
                                          "cursor:pointer;transition:0.3s;color:",
                                          [Function],
                                          ";&:not(:last-child):after{content:'•';color:",
                                          [Function],
                                          ";margin:",
                                          "5",
                                          "px;font-weight:",
                                          "700",
                                          ";}&:hover{color:",
                                          "#0BA986",
                                          ";}",
                                          [Function],
                                          ";",
                                          [Function],
                                          ";",
                                        ],
                                      },
                                      "displayName": "TagList__StyledTag",
                                      "foldedComponentIds": Array [],
                                      "render": [Function],
                                      "styledComponentId": "TagList__StyledTag-ipfhd9-1",
                                      "target": "div",
                                      "toString": [Function],
                                      "warnTooManyClasses": [Function],
                                      "withComponent": [Function],
                                    }
                                  }
                                  forwardedRef={null}
                                  hiddenTags={false}
                                  onClick={[Function]}
                                >
                                  <div
                                    className="TagList__StyledTag-ipfhd9-1 ePLZPc"
                                    color="textPrimary"
                                    onClick={[Function]}
                                  >
                                    test
                                  </div>
                                </StyledComponent>
                              </TagList__StyledTag>
                            </div>
                          </StyledComponent>
                        </TagList__Container>
                      </TagList>
                      <Link
                        href="/community/undefined"
                        prefetch={true}
                      >
                        <a
                          href="/community/undefined"
                          onClick={[Function]}
                          onMouseEnter={[Function]}
                        >
                          <UserAvatarComponent
                            avatar="avatar url"
                          >
                            <UserAvatar__Container
                              color="textPrimary"
                              fullWidth={false}
                            >
                              <StyledComponent
                                color="textPrimary"
                                forwardedComponent={
                                  Object {
                                    "$$typeof": Symbol(react.forward_ref),
                                    "attrs": Array [],
                                    "componentStyle": ComponentStyle {
                                      "componentId": "UserAvatar__Container-plfgvx-0",
                                      "isStatic": false,
                                      "lastClassName": "SjTka",
                                      "rules": Array [
                                        "display:flex;align-items:center;width:",
                                        [Function],
                                        ";>:first-child{margin-right:",
                                        [Function],
                                        "px;}>:nth-child(2){white-space:pre;overflow:hidden;text-overflow:ellipsis;max-width:",
                                        [Function],
                                        ";color:",
                                        [Function],
                                        ";}",
                                      ],
                                    },
                                    "displayName": "UserAvatar__Container",
                                    "foldedComponentIds": Array [],
                                    "render": [Function],
                                    "styledComponentId": "UserAvatar__Container-plfgvx-0",
                                    "target": "div",
                                    "toString": [Function],
                                    "warnTooManyClasses": [Function],
                                    "withComponent": [Function],
                                  }
                                }
                                forwardedRef={null}
                                fullWidth={false}
                              >
                                <div
                                  className="UserAvatar__Container-plfgvx-0 SjTka"
                                  color="textPrimary"
                                >
                                  <UserAvatar__Avatar
                                    avatar="avatar url"
                                    color="white"
                                    height={30}
                                    width={30}
                                  >
                                    <StyledComponent
                                      avatar="avatar url"
                                      color="white"
                                      forwardedComponent={
                                        Object {
                                          "$$typeof": Symbol(react.forward_ref),
                                          "attrs": Array [],
                                          "componentStyle": ComponentStyle {
                                            "componentId": "UserAvatar__Avatar-plfgvx-1",
                                            "isStatic": false,
                                            "lastClassName": "kMwImw",
                                            "rules": Array [
                                              "display:flex;height:",
                                              [Function],
                                              ";width:",
                                              [Function],
                                              ";justify-content:center;align-items:center;border-radius:",
                                              [Function],
                                              ";background:",
                                              [Function],
                                              ";> *{color:",
                                              [Function],
                                              ";text-transform:uppercase;line-height:10px;}",
                                            ],
                                          },
                                          "displayName": "UserAvatar__Avatar",
                                          "foldedComponentIds": Array [],
                                          "render": [Function],
                                          "styledComponentId": "UserAvatar__Avatar-plfgvx-1",
                                          "target": "div",
                                          "toString": [Function],
                                          "warnTooManyClasses": [Function],
                                          "withComponent": [Function],
                                        }
                                      }
                                      forwardedRef={null}
                                      height={30}
                                      width={30}
                                    >
                                      <div
                                        className="UserAvatar__Avatar-plfgvx-1 kMwImw"
                                        color="white"
                                        height={30}
                                        width={30}
                                      >
                                        <Image
                                          borderRadius="4px"
                                          height={30}
                                          image="avatar url"
                                          width={30}
                                        >
                                          <InView
                                            rootMargin="200px 0px"
                                            threshold={0}
                                            triggerOnce={true}
                                          >
                                            <Image__Img
                                              borderRadius="4px"
                                              height={30}
                                              image="avatar url"
                                              inView={false}
                                              width={30}
                                            >
                                              <StyledComponent
                                                borderRadius="4px"
                                                forwardedComponent={
                                                  Object {
                                                    "$$typeof": Symbol(react.forward_ref),
                                                    "attrs": Array [],
                                                    "componentStyle": ComponentStyle {
                                                      "componentId": "Image__Img-sc-1jpuda7-0",
                                                      "isStatic": false,
                                                      "lastClassName": "jAWVlp",
                                                      "rules": Array [
                                                        "height:",
                                                        [Function],
                                                        ";width:",
                                                        [Function],
                                                        ";",
                                                        [Function],
                                                        ";background:",
                                                        [Function],
                                                        ";background-size:cover;opacity:",
                                                        [Function],
                                                        ";transition:opacity ",
                                                        [Function],
                                                        "s;",
                                                        [Function],
                                                        ";",
                                                        [Function],
                                                        ";position:",
                                                        [Function],
                                                        ";",
                                                        [Function],
                                                        ";",
                                                        [Function],
                                                        ";",
                                                        [Function],
                                                        " ",
                                                        [Function],
                                                        ";",
                                                      ],
                                                    },
                                                    "displayName": "Image__Img",
                                                    "foldedComponentIds": Array [],
                                                    "render": [Function],
                                                    "styledComponentId": "Image__Img-sc-1jpuda7-0",
                                                    "target": "div",
                                                    "toString": [Function],
                                                    "warnTooManyClasses": [Function],
                                                    "withComponent": [Function],
                                                  }
                                                }
                                                forwardedRef={[Function]}
                                                height={30}
                                                image="avatar url"
                                                inView={false}
                                                width={30}
                                              >
                                                <div
                                                  className="Image__Img-sc-1jpuda7-0 jAWVlp"
                                                  height={30}
                                                  width={30}
                                                />
                                              </StyledComponent>
                                            </Image__Img>
                                          </InView>
                                        </Image>
                                      </div>
                                    </StyledComponent>
                                  </UserAvatar__Avatar>
                                  <Typography__styledComponent>
                                    <StyledComponent
                                      forwardedComponent={
                                        Object {
                                          "$$typeof": Symbol(react.forward_ref),
                                          "attrs": Array [],
                                          "componentStyle": ComponentStyle {
                                            "componentId": "Typography__styledComponent-sc-36xkf6-5",
                                            "isStatic": false,
                                            "lastClassName": "evZVGc",
                                            "rules": Array [
                                              "color:",
                                              [Function],
                                              ";margin:0px;font-weight:",
                                              "bold",
                                              ";",
                                              ";font-size:",
                                              "13",
                                              "px;text-transform:",
                                              [Function],
                                              ";text-align:",
                                              [Function],
                                              ";:hover{color:",
                                              [Function],
                                              ";cursor:",
                                              [Function],
                                              ";}",
                                            ],
                                          },
                                          "displayName": "Typography__styledComponent",
                                          "foldedComponentIds": Array [],
                                          "render": [Function],
                                          "styledComponentId": "Typography__styledComponent-sc-36xkf6-5",
                                          "target": "span",
                                          "toString": [Function],
                                          "warnTooManyClasses": [Function],
                                          "withComponent": [Function],
                                        }
                                      }
                                      forwardedRef={null}
                                    >
                                      <span
                                        className="Typography__styledComponent-sc-36xkf6-5 evZVGc"
                                      >
                                        Anonymous
                                      </span>
                                    </StyledComponent>
                                  </Typography__styledComponent>
                                </div>
                              </StyledComponent>
                            </UserAvatar__Container>
                          </UserAvatarComponent>
                        </a>
                      </Link>
                    </div>
                  </ForwardRef(Grid)>
                </WithStyles(ForwardRef(Grid))>
                <WithStyles(ForwardRef(Grid))
                  alignItems="center"
                  container={true}
                  item={true}
                  justify="center"
                  sm={3}
                >
                  <ForwardRef(Grid)
                    alignItems="center"
                    classes={
                      Object {
                        "align-content-xs-center": "MuiGrid-align-content-xs-center",
                        "align-content-xs-flex-end": "MuiGrid-align-content-xs-flex-end",
                        "align-content-xs-flex-start": "MuiGrid-align-content-xs-flex-start",
                        "align-content-xs-space-around": "MuiGrid-align-content-xs-space-around",
                        "align-content-xs-space-between": "MuiGrid-align-content-xs-space-between",
                        "align-items-xs-baseline": "MuiGrid-align-items-xs-baseline",
                        "align-items-xs-center": "MuiGrid-align-items-xs-center",
                        "align-items-xs-flex-end": "MuiGrid-align-items-xs-flex-end",
                        "align-items-xs-flex-start": "MuiGrid-align-items-xs-flex-start",
                        "container": "MuiGrid-container",
                        "direction-xs-column": "MuiGrid-direction-xs-column",
                        "direction-xs-column-reverse": "MuiGrid-direction-xs-column-reverse",
                        "direction-xs-row-reverse": "MuiGrid-direction-xs-row-reverse",
                        "grid-lg-1": "MuiGrid-grid-lg-1",
                        "grid-lg-10": "MuiGrid-grid-lg-10",
                        "grid-lg-11": "MuiGrid-grid-lg-11",
                        "grid-lg-12": "MuiGrid-grid-lg-12",
                        "grid-lg-2": "MuiGrid-grid-lg-2",
                        "grid-lg-3": "MuiGrid-grid-lg-3",
                        "grid-lg-4": "MuiGrid-grid-lg-4",
                        "grid-lg-5": "MuiGrid-grid-lg-5",
                        "grid-lg-6": "MuiGrid-grid-lg-6",
                        "grid-lg-7": "MuiGrid-grid-lg-7",
                        "grid-lg-8": "MuiGrid-grid-lg-8",
                        "grid-lg-9": "MuiGrid-grid-lg-9",
                        "grid-lg-auto": "MuiGrid-grid-lg-auto",
                        "grid-lg-true": "MuiGrid-grid-lg-true",
                        "grid-md-1": "MuiGrid-grid-md-1",
                        "grid-md-10": "MuiGrid-grid-md-10",
                        "grid-md-11": "MuiGrid-grid-md-11",
                        "grid-md-12": "MuiGrid-grid-md-12",
                        "grid-md-2": "MuiGrid-grid-md-2",
                        "grid-md-3": "MuiGrid-grid-md-3",
                        "grid-md-4": "MuiGrid-grid-md-4",
                        "grid-md-5": "MuiGrid-grid-md-5",
                        "grid-md-6": "MuiGrid-grid-md-6",
                        "grid-md-7": "MuiGrid-grid-md-7",
                        "grid-md-8": "MuiGrid-grid-md-8",
                        "grid-md-9": "MuiGrid-grid-md-9",
                        "grid-md-auto": "MuiGrid-grid-md-auto",
                        "grid-md-true": "MuiGrid-grid-md-true",
                        "grid-sm-1": "MuiGrid-grid-sm-1",
                        "grid-sm-10": "MuiGrid-grid-sm-10",
                        "grid-sm-11": "MuiGrid-grid-sm-11",
                        "grid-sm-12": "MuiGrid-grid-sm-12",
                        "grid-sm-2": "MuiGrid-grid-sm-2",
                        "grid-sm-3": "MuiGrid-grid-sm-3",
                        "grid-sm-4": "MuiGrid-grid-sm-4",
                        "grid-sm-5": "MuiGrid-grid-sm-5",
                        "grid-sm-6": "MuiGrid-grid-sm-6",
                        "grid-sm-7": "MuiGrid-grid-sm-7",
                        "grid-sm-8": "MuiGrid-grid-sm-8",
                        "grid-sm-9": "MuiGrid-grid-sm-9",
                        "grid-sm-auto": "MuiGrid-grid-sm-auto",
                        "grid-sm-true": "MuiGrid-grid-sm-true",
                        "grid-xl-1": "MuiGrid-grid-xl-1",
                        "grid-xl-10": "MuiGrid-grid-xl-10",
                        "grid-xl-11": "MuiGrid-grid-xl-11",
                        "grid-xl-12": "MuiGrid-grid-xl-12",
                        "grid-xl-2": "MuiGrid-grid-xl-2",
                        "grid-xl-3": "MuiGrid-grid-xl-3",
                        "grid-xl-4": "MuiGrid-grid-xl-4",
                        "grid-xl-5": "MuiGrid-grid-xl-5",
                        "grid-xl-6": "MuiGrid-grid-xl-6",
                        "grid-xl-7": "MuiGrid-grid-xl-7",
                        "grid-xl-8": "MuiGrid-grid-xl-8",
                        "grid-xl-9": "MuiGrid-grid-xl-9",
                        "grid-xl-auto": "MuiGrid-grid-xl-auto",
                        "grid-xl-true": "MuiGrid-grid-xl-true",
                        "grid-xs-1": "MuiGrid-grid-xs-1",
                        "grid-xs-10": "MuiGrid-grid-xs-10",
                        "grid-xs-11": "MuiGrid-grid-xs-11",
                        "grid-xs-12": "MuiGrid-grid-xs-12",
                        "grid-xs-2": "MuiGrid-grid-xs-2",
                        "grid-xs-3": "MuiGrid-grid-xs-3",
                        "grid-xs-4": "MuiGrid-grid-xs-4",
                        "grid-xs-5": "MuiGrid-grid-xs-5",
                        "grid-xs-6": "MuiGrid-grid-xs-6",
                        "grid-xs-7": "MuiGrid-grid-xs-7",
                        "grid-xs-8": "MuiGrid-grid-xs-8",
                        "grid-xs-9": "MuiGrid-grid-xs-9",
                        "grid-xs-auto": "MuiGrid-grid-xs-auto",
                        "grid-xs-true": "MuiGrid-grid-xs-true",
                        "item": "MuiGrid-item",
                        "justify-xs-center": "MuiGrid-justify-xs-center",
                        "justify-xs-flex-end": "MuiGrid-justify-xs-flex-end",
                        "justify-xs-space-around": "MuiGrid-justify-xs-space-around",
                        "justify-xs-space-between": "MuiGrid-justify-xs-space-between",
                        "justify-xs-space-evenly": "MuiGrid-justify-xs-space-evenly",
                        "root": "MuiGrid-root",
                        "spacing-xs-1": "MuiGrid-spacing-xs-1",
                        "spacing-xs-10": "MuiGrid-spacing-xs-10",
                        "spacing-xs-2": "MuiGrid-spacing-xs-2",
                        "spacing-xs-3": "MuiGrid-spacing-xs-3",
                        "spacing-xs-4": "MuiGrid-spacing-xs-4",
                        "spacing-xs-5": "MuiGrid-spacing-xs-5",
                        "spacing-xs-6": "MuiGrid-spacing-xs-6",
                        "spacing-xs-7": "MuiGrid-spacing-xs-7",
                        "spacing-xs-8": "MuiGrid-spacing-xs-8",
                        "spacing-xs-9": "MuiGrid-spacing-xs-9",
                        "wrap-xs-nowrap": "MuiGrid-wrap-xs-nowrap",
                        "wrap-xs-wrap-reverse": "MuiGrid-wrap-xs-wrap-reverse",
                        "zeroMinWidth": "MuiGrid-zeroMinWidth",
                      }
                    }
                    container={true}
                    item={true}
                    justify="center"
                    sm={3}
                  >
                    <div
                      className="MuiGrid-root MuiGrid-container MuiGrid-item MuiGrid-align-items-xs-center MuiGrid-justify-xs-center MuiGrid-grid-sm-3"
                    >
                      <Link
                        href="/community/11"
                        prefetch={true}
                      >
                        <a
                          href="/community/11"
                          onClick={[Function]}
                          onMouseEnter={[Function]}
                        >
                          <WithStyles(ForwardRef(Button))
                            color="primary"
                            fullWidth={true}
                            variant="outlined"
                          >
                            <ForwardRef(Button)
                              classes={
                                Object {
                                  "colorInherit": "MuiButton-colorInherit",
                                  "contained": "MuiButton-contained",
                                  "containedPrimary": "MuiButton-containedPrimary",
                                  "containedSecondary": "MuiButton-containedSecondary",
                                  "disabled": "Mui-disabled",
                                  "focusVisible": "Mui-focusVisible",
                                  "fullWidth": "MuiButton-fullWidth",
                                  "label": "MuiButton-label",
                                  "outlined": "MuiButton-outlined",
                                  "outlinedPrimary": "MuiButton-outlinedPrimary",
                                  "outlinedSecondary": "MuiButton-outlinedSecondary",
                                  "root": "MuiButton-root",
                                  "sizeLarge": "MuiButton-sizeLarge",
                                  "sizeSmall": "MuiButton-sizeSmall",
                                  "text": "MuiButton-text",
                                  "textPrimary": "MuiButton-textPrimary",
                                  "textSecondary": "MuiButton-textSecondary",
                                }
                              }
                              color="primary"
                              fullWidth={true}
                              variant="outlined"
                            >
                              <WithStyles(ForwardRef(ButtonBase))
                                className="MuiButton-root MuiButton-outlined MuiButton-outlinedPrimary MuiButton-fullWidth"
                                component="button"
                                disabled={false}
                                focusRipple={true}
                                focusVisibleClassName="Mui-focusVisible"
                                type="button"
                              >
                                <ForwardRef(ButtonBase)
                                  className="MuiButton-root MuiButton-outlined MuiButton-outlinedPrimary MuiButton-fullWidth"
                                  classes={
                                    Object {
                                      "disabled": "Mui-disabled",
                                      "focusVisible": "Mui-focusVisible",
                                      "root": "MuiButtonBase-root",
                                    }
                                  }
                                  component="button"
                                  disabled={false}
                                  focusRipple={true}
                                  focusVisibleClassName="Mui-focusVisible"
                                  type="button"
                                >
                                  <button
                                    className="MuiButtonBase-root MuiButton-root MuiButton-outlined MuiButton-outlinedPrimary MuiButton-fullWidth"
                                    disabled={false}
                                    onBlur={[Function]}
                                    onDragLeave={[Function]}
                                    onFocus={[Function]}
                                    onKeyDown={[Function]}
                                    onKeyUp={[Function]}
                                    onMouseDown={[Function]}
                                    onMouseLeave={[Function]}
                                    onMouseUp={[Function]}
                                    onTouchEnd={[Function]}
                                    onTouchMove={[Function]}
                                    onTouchStart={[Function]}
                                    tabIndex={0}
                                    type="button"
                                  >
                                    <span
                                      className="MuiButton-label"
                                    >
                                      View ARTICLE
                                    </span>
                                    <NoSsr>
                                      <WithStyles(undefined)
                                        center={false}
                                      >
                                        <ForwardRef(TouchRipple)
                                          center={false}
                                          classes={
                                            Object {
                                              "child": "MuiTouchRipple-child",
                                              "childLeaving": "MuiTouchRipple-childLeaving",
                                              "childPulsate": "MuiTouchRipple-childPulsate",
                                              "ripple": "MuiTouchRipple-ripple",
                                              "ripplePulsate": "MuiTouchRipple-ripplePulsate",
                                              "rippleVisible": "MuiTouchRipple-rippleVisible",
                                              "root": "MuiTouchRipple-root",
                                            }
                                          }
                                        >
                                          <span
                                            className="MuiTouchRipple-root"
                                          >
                                            <TransitionGroup
                                              childFactory={[Function]}
                                              component={null}
                                              exit={true}
                                            />
                                          </span>
                                        </ForwardRef(TouchRipple)>
                                      </WithStyles(undefined)>
                                    </NoSsr>
                                  </button>
                                </ForwardRef(ButtonBase)>
                              </WithStyles(ForwardRef(ButtonBase))>
                            </ForwardRef(Button)>
                          </WithStyles(ForwardRef(Button))>
                        </a>
                      </Link>
                    </div>
                  </ForwardRef(Grid)>
                </WithStyles(ForwardRef(Grid))>
              </div>
            </ForwardRef(Grid)>
          </WithStyles(ForwardRef(Grid))>
        </div>
      </ForwardRef(Grid)>
    </WithStyles(ForwardRef(Grid))>
  </FeaturedResource>
</ThemeProvider>
`;
