// Jest Snapshot v1, https://goo.gl/fbAQLP

exports[`components/AddMemberButton snapshot should match 1`] = `
<ContextConsumer>
  <Component />
</ContextConsumer>
`;

exports[`components/AddTagButton snapshot should match 1`] = `
<ContextConsumer>
  <Component />
</ContextConsumer>
`;

exports[`components/MediumImportButton snapshot should match 1`] = `
<ContextConsumer>
  <Component />
</ContextConsumer>
`;

exports[`components/PrimaryButton snapshot should match 1`] = `
<ContextConsumer>
  <Component />
</ContextConsumer>
`;

exports[`components/SecondaryButton snapshot should match 1`] = `
<ContextConsumer>
  <Component />
</ContextConsumer>
`;

exports[`components/TertiaryButton snapshot should match 1`] = `
<ContextConsumer>
  <Component />
</ContextConsumer>
`;

exports[`components/UploadLogoButton snapshot should match 1`] = `
<ContextConsumer>
  <Component />
</ContextConsumer>
`;
