// Jest Snapshot v1, https://goo.gl/fbAQLP

exports[`components/ResourceRowWithImage should match snapshot 1`] = `
<Provider
  store={
    Object {
      "clearActions": [Function],
      "dispatch": [Function],
      "getActions": [Function],
      "getState": [Function],
      "replaceReducer": [Function],
      "subscribe": [Function],
    }
  }
>
  <ThemeProvider
    theme={
      Object {
        "DEFAULT_CARD_WIDTH": 288,
        "MAIN_BODY_WIDTH": 1242,
        "bg": Object {
          "bgPrimary": "#1E2428",
          "bgSecondary": "#1E3D3B",
          "borderTextArea": "#979797",
          "contentBorder": "1px solid rgba(30, 36, 40, 0.19)",
          "disabledBackgroundColor": "#D6D6D6",
          "disabledTextColor": "#9B9B9B",
          "divider": "#EBEBEB",
          "errorRedColor": "#C03030",
          "hoverTextColor": "#108E72",
          "padding": "calc((100vw - \${props => props.theme.breakpoints[2]}) / 2)",
          "paddingTop": "2.5em",
          "primary": "#0BA986",
          "primaryColor": "#0BA986",
          "primaryDark": "#11856B",
          "primaryTextColor": "#1E2428",
          "secondary": "#11856B",
          "secondaryBlue": "rgb(81, 123, 162, 1)",
          "secondaryBlueDark": "rgb(81, 118, 142, 1)",
          "secondaryColor": "#1E3D3B",
          "secondaryTextColor": "#283035",
          "tertiaryBackgroundColor": "#F7F7F7",
          "textPrimary": "#1E2428",
          "white": "#FFFFFF",
        },
        "bgPrimary": "#1E2428",
        "bgSecondary": "#1E3D3B",
        "borderTextArea": "#979797",
        "breakpoints": Array [
          "500px",
          "52em",
          "1242px",
        ],
        "colors": Object {
          "bgPrimary": "#1E2428",
          "bgSecondary": "#1E3D3B",
          "borderTextArea": "#979797",
          "contentBorder": "1px solid rgba(30, 36, 40, 0.19)",
          "disabledBackgroundColor": "#D6D6D6",
          "disabledTextColor": "#9B9B9B",
          "divider": "#EBEBEB",
          "errorRedColor": "#C03030",
          "hoverTextColor": "#108E72",
          "padding": "calc((100vw - \${props => props.theme.breakpoints[2]}) / 2)",
          "paddingTop": "2.5em",
          "primary": "#0BA986",
          "primaryColor": "#0BA986",
          "primaryDark": "#11856B",
          "primaryTextColor": "#1E2428",
          "secondary": "#11856B",
          "secondaryBlue": "rgb(81, 123, 162, 1)",
          "secondaryBlueDark": "rgb(81, 118, 142, 1)",
          "secondaryColor": "#1E3D3B",
          "secondaryTextColor": "#283035",
          "tertiaryBackgroundColor": "#F7F7F7",
          "textPrimary": "#1E2428",
          "white": "#FFFFFF",
        },
        "contentBorder": "1px solid rgba(30, 36, 40, 0.19)",
        "disabledBackgroundColor": "#D6D6D6",
        "disabledTextColor": "#9B9B9B",
        "divider": "#EBEBEB",
        "errorRedColor": "#C03030",
        "fontSizes": Array [
          11,
          13,
          14,
          16,
          18,
          20,
          22,
          28,
          32,
        ],
        "fontWeight": Array [
          300,
          "normal",
          500,
          700,
        ],
        "hoverTextColor": "#108E72",
        "padContent": "
    max-width: 1242px;
    margin-left: auto;
    margin-right: auto;
    @media (min-width: 1242px) {
      min-width: 1242px;
    }
    @media (max-width: 1242px) {
      min-width: 90%;
    }
  ",
        "padding": "calc((100vw - 1242px) / 2)",
        "paddingTop": "2.5em",
        "primary": "#0BA986",
        "primaryColor": "#0BA986",
        "primaryDark": "#11856B",
        "primaryTextColor": "#1E2428",
        "secondary": "#11856B",
        "secondaryBlue": "rgb(81, 123, 162, 1)",
        "secondaryBlueDark": "rgb(81, 118, 142, 1)",
        "secondaryColor": "#1E3D3B",
        "secondaryTextColor": "#283035",
        "space": Array [
          0,
          10,
          15,
          30,
          60,
        ],
        "tertiaryBackgroundColor": "#F7F7F7",
        "textPrimary": "#1E2428",
        "white": "#FFFFFF",
      }
    }
  >
    <ResourceRowWithImage
      date="2019-01-01"
      description="test description"
      id="123"
      imageURL="test url"
      linkComponent={[MockFunction]}
      ownerType="COMMUNITY"
      resourceType="ARTICLE"
      tags={
        Array [
          "test",
        ]
      }
      title="test"
      userAvatar="test avatar"
      userId="0x"
      username="jimi"
    >
      <ResourceRowWithImage__ResourceRow
        key="123"
      >
        <StyledComponent
          forwardedComponent={
            Object {
              "$$typeof": Symbol(react.forward_ref),
              "attrs": Array [],
              "componentStyle": ComponentStyle {
                "componentId": "ResourceRowWithImage__ResourceRow-tpmrbu-0",
                "isStatic": false,
                "lastClassName": "igCEwE",
                "rules": Array [
                  "display:flex;width:",
                  [Function],
                  "px;height:195px;background-color:",
                  [Function],
                  ";border-radius:4px;box-shadow:0 0 4px 0 rgba(0,0,0,0.11);cursor:pointer;",
                ],
              },
              "displayName": "ResourceRowWithImage__ResourceRow",
              "foldedComponentIds": Array [],
              "render": [Function],
              "styledComponentId": "ResourceRowWithImage__ResourceRow-tpmrbu-0",
              "target": "div",
              "toString": [Function],
              "warnTooManyClasses": [Function],
              "withComponent": [Function],
            }
          }
          forwardedRef={null}
        >
          <div
            className="ResourceRowWithImage__ResourceRow-tpmrbu-0 igCEwE"
          >
            <Link
              href="/test/123/a"
              prefetch={true}
            >
              <a
                href="/test/123/a"
                onClick={[Function]}
                onMouseEnter={[Function]}
              >
                <Image
                  borderBottomLeftRadius="4px"
                  borderTopLeftRadius="4px"
                  height={195}
                  image="test url"
                  width={288}
                >
                  <InView
                    rootMargin="200px 0px"
                    threshold={0}
                    triggerOnce={true}
                  >
                    <Image__Img
                      borderBottomLeftRadius="4px"
                      borderTopLeftRadius="4px"
                      height={195}
                      image="test url"
                      inView={false}
                      width={288}
                    >
                      <StyledComponent
                        borderBottomLeftRadius="4px"
                        borderTopLeftRadius="4px"
                        forwardedComponent={
                          Object {
                            "$$typeof": Symbol(react.forward_ref),
                            "attrs": Array [],
                            "componentStyle": ComponentStyle {
                              "componentId": "Image__Img-sc-1jpuda7-0",
                              "isStatic": false,
                              "lastClassName": "jAWVlp",
                              "rules": Array [
                                "height:",
                                [Function],
                                ";width:",
                                [Function],
                                ";",
                                [Function],
                                ";background:",
                                [Function],
                                ";background-size:cover;opacity:",
                                [Function],
                                ";transition:opacity ",
                                [Function],
                                "s;",
                                [Function],
                                ";",
                                [Function],
                                ";position:",
                                [Function],
                                ";",
                                [Function],
                                ";",
                                [Function],
                                ";",
                                [Function],
                                " ",
                                [Function],
                                ";",
                              ],
                            },
                            "displayName": "Image__Img",
                            "foldedComponentIds": Array [],
                            "render": [Function],
                            "styledComponentId": "Image__Img-sc-1jpuda7-0",
                            "target": "div",
                            "toString": [Function],
                            "warnTooManyClasses": [Function],
                            "withComponent": [Function],
                          }
                        }
                        forwardedRef={[Function]}
                        height={195}
                        image="test url"
                        inView={false}
                        width={288}
                      >
                        <div
                          className="Image__Img-sc-1jpuda7-0 hxUKdf"
                          height={195}
                          width={288}
                        />
                      </StyledComponent>
                    </Image__Img>
                  </InView>
                </Image>
              </a>
            </Link>
            <ResourceRowWithImage__Container>
              <StyledComponent
                forwardedComponent={
                  Object {
                    "$$typeof": Symbol(react.forward_ref),
                    "attrs": Array [],
                    "componentStyle": ComponentStyle {
                      "componentId": "ResourceRowWithImage__Container-tpmrbu-2",
                      "isStatic": false,
                      "lastClassName": "gCKJgL",
                      "rules": Array [
                        "display:flex;width:100%;flex-direction:column;padding:",
                        [Function],
                        "px ",
                        [Function],
                        "px;",
                      ],
                    },
                    "displayName": "ResourceRowWithImage__Container",
                    "foldedComponentIds": Array [],
                    "render": [Function],
                    "styledComponentId": "ResourceRowWithImage__Container-tpmrbu-2",
                    "target": "section",
                    "toString": [Function],
                    "warnTooManyClasses": [Function],
                    "withComponent": [Function],
                  }
                }
                forwardedRef={null}
              >
                <section
                  className="ResourceRowWithImage__Container-tpmrbu-2 gCKJgL"
                >
                  <Link
                    href="/test/123/a"
                    prefetch={true}
                  >
                    <a
                      href="/test/123/a"
                      onClick={[Function]}
                      onMouseEnter={[Function]}
                    >
                      <ResourceRowWithImage__Content>
                        <StyledComponent
                          forwardedComponent={
                            Object {
                              "$$typeof": Symbol(react.forward_ref),
                              "attrs": Array [],
                              "componentStyle": ComponentStyle {
                                "componentId": "ResourceRowWithImage__Content-tpmrbu-1",
                                "isStatic": false,
                                "lastClassName": "hBgJZt",
                                "rules": Array [
                                  "display:flex;flex-direction:column;> *:not(:last-child){margin-bottom:",
                                  [Function],
                                  "px;}> *:nth-child(3){margin-bottom:0px;}",
                                ],
                              },
                              "displayName": "ResourceRowWithImage__Content",
                              "foldedComponentIds": Array [],
                              "render": [Function],
                              "styledComponentId": "ResourceRowWithImage__Content-tpmrbu-1",
                              "target": "div",
                              "toString": [Function],
                              "warnTooManyClasses": [Function],
                              "withComponent": [Function],
                            }
                          }
                          forwardedRef={null}
                        >
                          <div
                            className="ResourceRowWithImage__Content-tpmrbu-1 hBgJZt"
                          >
                            <Typography__component>
                              <StyledComponent
                                forwardedComponent={
                                  Object {
                                    "$$typeof": Symbol(react.forward_ref),
                                    "attrs": Array [],
                                    "componentStyle": ComponentStyle {
                                      "componentId": "Typography__component-sc-36xkf6-0",
                                      "isStatic": false,
                                      "lastClassName": "kALGmD",
                                      "rules": Array [
                                        "font-size:11px;font-weight:bold;text-transform:uppercase;color:",
                                        [Function],
                                        ";text-align:",
                                        [Function],
                                        ";",
                                        [Function],
                                        " ",
                                        [Function],
                                      ],
                                    },
                                    "displayName": "Typography__component",
                                    "foldedComponentIds": Array [],
                                    "render": [Function],
                                    "styledComponentId": "Typography__component-sc-36xkf6-0",
                                    "target": "span",
                                    "toString": [Function],
                                    "warnTooManyClasses": [Function],
                                    "withComponent": [Function],
                                  }
                                }
                                forwardedRef={null}
                              >
                                <span
                                  className="Typography__component-sc-36xkf6-0 kALGmD"
                                >
                                  Posted 01 Jan 2019 00:00
                                </span>
                              </StyledComponent>
                            </Typography__component>
                            <Typography__styledComponent>
                              <StyledComponent
                                forwardedComponent={
                                  Object {
                                    "$$typeof": Symbol(react.forward_ref),
                                    "attrs": Array [],
                                    "componentStyle": ComponentStyle {
                                      "componentId": "Typography__styledComponent-sc-36xkf6-5",
                                      "isStatic": false,
                                      "lastClassName": "cmeRrF",
                                      "rules": Array [
                                        "color:",
                                        [Function],
                                        ";margin:0px;font-weight:",
                                        "bold",
                                        ";",
                                        "line-height: 24px",
                                        ";font-size:",
                                        "20",
                                        "px;text-transform:",
                                        [Function],
                                        ";text-align:",
                                        [Function],
                                        ";:hover{color:",
                                        [Function],
                                        ";cursor:",
                                        [Function],
                                        ";}",
                                      ],
                                    },
                                    "displayName": "Typography__styledComponent",
                                    "foldedComponentIds": Array [],
                                    "render": [Function],
                                    "styledComponentId": "Typography__styledComponent-sc-36xkf6-5",
                                    "target": "span",
                                    "toString": [Function],
                                    "warnTooManyClasses": [Function],
                                    "withComponent": [Function],
                                  }
                                }
                                forwardedRef={null}
                              >
                                <span
                                  className="Typography__styledComponent-sc-36xkf6-5 cmeRrF"
                                >
                                  test
                                </span>
                              </StyledComponent>
                            </Typography__styledComponent>
                            <Typography__component>
                              <StyledComponent
                                forwardedComponent={
                                  Object {
                                    "$$typeof": Symbol(react.forward_ref),
                                    "attrs": Array [],
                                    "componentStyle": ComponentStyle {
                                      "componentId": "Typography__component-sc-36xkf6-4",
                                      "isStatic": false,
                                      "lastClassName": "kdkRvh",
                                      "rules": Array [
                                        "font-size:14px;font-weight:normal;letter-spacing:-0.1px;margin-bottom:",
                                        [Function],
                                        "px;line-height:18px;color:",
                                        [Function],
                                        ";",
                                        ";",
                                        [Function],
                                        ";",
                                      ],
                                    },
                                    "displayName": "Typography__component",
                                    "foldedComponentIds": Array [],
                                    "render": [Function],
                                    "styledComponentId": "Typography__component-sc-36xkf6-4",
                                    "target": "span",
                                    "toString": [Function],
                                    "warnTooManyClasses": [Function],
                                    "withComponent": [Function],
                                  }
                                }
                                forwardedRef={null}
                              >
                                <span
                                  className="Typography__component-sc-36xkf6-4 kdkRvh"
                                >
                                  test description
                                </span>
                              </StyledComponent>
                            </Typography__component>
                            <TagList
                              color="textPrimary"
                              maxTags={3}
                              tags={
                                Array [
                                  "test",
                                ]
                              }
                            >
                              <TagList__Container>
                                <StyledComponent
                                  forwardedComponent={
                                    Object {
                                      "$$typeof": Symbol(react.forward_ref),
                                      "attrs": Array [],
                                      "componentStyle": ComponentStyle {
                                        "componentId": "TagList__Container-ipfhd9-0",
                                        "isStatic": false,
                                        "lastClassName": "ihYPdv",
                                        "rules": Array [
                                          "display:flex;margin:",
                                          "10",
                                          "px 0 0 0;flex-direction:",
                                          [Function],
                                          ";flex-wrap:wrap;justify-content:",
                                          [Function],
                                          ";",
                                        ],
                                      },
                                      "displayName": "TagList__Container",
                                      "foldedComponentIds": Array [],
                                      "render": [Function],
                                      "styledComponentId": "TagList__Container-ipfhd9-0",
                                      "target": "div",
                                      "toString": [Function],
                                      "warnTooManyClasses": [Function],
                                      "withComponent": [Function],
                                    }
                                  }
                                  forwardedRef={null}
                                >
                                  <div
                                    className="TagList__Container-ipfhd9-0 ihYPdv"
                                  >
                                    <TagList__StyledTag
                                      color="textPrimary"
                                      hiddenTags={false}
                                      key="0"
                                      onClick={[Function]}
                                    >
                                      <StyledComponent
                                        color="textPrimary"
                                        forwardedComponent={
                                          Object {
                                            "$$typeof": Symbol(react.forward_ref),
                                            "attrs": Array [],
                                            "componentStyle": ComponentStyle {
                                              "componentId": "TagList__StyledTag-ipfhd9-1",
                                              "isStatic": false,
                                              "lastClassName": "eGuhSG",
                                              "rules": Array [
                                                "cursor:pointer;transition:0.3s;&:not(:last-child):after{content:'•';color:",
                                                "#0BA986",
                                                ";margin:",
                                                "5",
                                                "px;font-weight:",
                                                "700",
                                                ";}&:hover{color:",
                                                "#0BA986",
                                                ";}",
                                                [Function],
                                                ";",
                                                [Function],
                                                ";",
                                              ],
                                            },
                                            "displayName": "TagList__StyledTag",
                                            "foldedComponentIds": Array [],
                                            "render": [Function],
                                            "styledComponentId": "TagList__StyledTag-ipfhd9-1",
                                            "target": "div",
                                            "toString": [Function],
                                            "warnTooManyClasses": [Function],
                                            "withComponent": [Function],
                                          }
                                        }
                                        forwardedRef={null}
                                        hiddenTags={false}
                                        onClick={[Function]}
                                      >
                                        <div
                                          className="TagList__StyledTag-ipfhd9-1 eGuhSG"
                                          color="textPrimary"
                                          onClick={[Function]}
                                        >
                                          test
                                        </div>
                                      </StyledComponent>
                                    </TagList__StyledTag>
                                  </div>
                                </StyledComponent>
                              </TagList__Container>
                            </TagList>
                          </div>
                        </StyledComponent>
                      </ResourceRowWithImage__Content>
                    </a>
                  </Link>
                  <ResourceRowWithImage__Divider>
                    <StyledComponent
                      forwardedComponent={
                        Object {
                          "$$typeof": Symbol(react.forward_ref),
                          "attrs": Array [],
                          "componentStyle": ComponentStyle {
                            "componentId": "ResourceRowWithImage__Divider-tpmrbu-3",
                            "isStatic": false,
                            "lastClassName": "cDKOiH",
                            "rules": Array [
                              "width:100%;margin-top:auto;margin-bottom:",
                              [Function],
                              "px;background-color:",
                              [Function],
                              ";height:2px;",
                            ],
                          },
                          "displayName": "ResourceRowWithImage__Divider",
                          "foldedComponentIds": Array [],
                          "render": [Function],
                          "styledComponentId": "ResourceRowWithImage__Divider-tpmrbu-3",
                          "target": "div",
                          "toString": [Function],
                          "warnTooManyClasses": [Function],
                          "withComponent": [Function],
                        }
                      }
                      forwardedRef={null}
                    >
                      <div
                        className="ResourceRowWithImage__Divider-tpmrbu-3 cDKOiH"
                      />
                    </StyledComponent>
                  </ResourceRowWithImage__Divider>
                  <ResourceRowWithImage__Content>
                    <StyledComponent
                      forwardedComponent={
                        Object {
                          "$$typeof": Symbol(react.forward_ref),
                          "attrs": Array [],
                          "componentStyle": ComponentStyle {
                            "componentId": "ResourceRowWithImage__Content-tpmrbu-1",
                            "isStatic": false,
                            "lastClassName": "hBgJZt",
                            "rules": Array [
                              "display:flex;flex-direction:column;> *:not(:last-child){margin-bottom:",
                              [Function],
                              "px;}> *:nth-child(3){margin-bottom:0px;}",
                            ],
                          },
                          "displayName": "ResourceRowWithImage__Content",
                          "foldedComponentIds": Array [],
                          "render": [Function],
                          "styledComponentId": "ResourceRowWithImage__Content-tpmrbu-1",
                          "target": "div",
                          "toString": [Function],
                          "warnTooManyClasses": [Function],
                          "withComponent": [Function],
                        }
                      }
                      forwardedRef={null}
                    >
                      <div
                        className="ResourceRowWithImage__Content-tpmrbu-1 hBgJZt"
                      >
                        <Link
                          href="/community/0x"
                          prefetch={true}
                        >
                          <a
                            href="/community/0x"
                            onClick={[Function]}
                            onMouseEnter={[Function]}
                          >
                            <UserAvatarComponent
                              avatar="test avatar"
                              cardType="ARTICLE"
                              fullWidth={true}
                              imageURL="test url"
                              userId="0x"
                              username="jimi"
                            >
                              <UserAvatar__Container
                                cardType="ARTICLE"
                                color="textPrimary"
                                fullWidth={true}
                                imageURL="test url"
                                key="0x"
                              >
                                <StyledComponent
                                  cardType="ARTICLE"
                                  color="textPrimary"
                                  forwardedComponent={
                                    Object {
                                      "$$typeof": Symbol(react.forward_ref),
                                      "attrs": Array [],
                                      "componentStyle": ComponentStyle {
                                        "componentId": "UserAvatar__Container-plfgvx-0",
                                        "isStatic": false,
                                        "lastClassName": "bkAwig",
                                        "rules": Array [
                                          "display:flex;align-items:center;width:",
                                          [Function],
                                          ";>:first-child{margin-right:",
                                          [Function],
                                          "px;}>:nth-child(2){white-space:pre;overflow:hidden;text-overflow:ellipsis;max-width:",
                                          [Function],
                                          ";color:",
                                          [Function],
                                          ";}",
                                        ],
                                      },
                                      "displayName": "UserAvatar__Container",
                                      "foldedComponentIds": Array [],
                                      "render": [Function],
                                      "styledComponentId": "UserAvatar__Container-plfgvx-0",
                                      "target": "div",
                                      "toString": [Function],
                                      "warnTooManyClasses": [Function],
                                      "withComponent": [Function],
                                    }
                                  }
                                  forwardedRef={null}
                                  fullWidth={true}
                                  imageURL="test url"
                                >
                                  <div
                                    className="UserAvatar__Container-plfgvx-0 bkAwig"
                                    color="textPrimary"
                                  >
                                    <UserAvatar__Avatar
                                      avatar="test avatar"
                                      color="white"
                                      height={30}
                                      width={30}
                                    >
                                      <StyledComponent
                                        avatar="test avatar"
                                        color="white"
                                        forwardedComponent={
                                          Object {
                                            "$$typeof": Symbol(react.forward_ref),
                                            "attrs": Array [],
                                            "componentStyle": ComponentStyle {
                                              "componentId": "UserAvatar__Avatar-plfgvx-1",
                                              "isStatic": false,
                                              "lastClassName": "kMwImw",
                                              "rules": Array [
                                                "display:flex;height:",
                                                [Function],
                                                ";width:",
                                                [Function],
                                                ";justify-content:center;align-items:center;border-radius:",
                                                [Function],
                                                ";background:",
                                                [Function],
                                                ";> *{color:",
                                                [Function],
                                                ";text-transform:uppercase;line-height:10px;}",
                                              ],
                                            },
                                            "displayName": "UserAvatar__Avatar",
                                            "foldedComponentIds": Array [],
                                            "render": [Function],
                                            "styledComponentId": "UserAvatar__Avatar-plfgvx-1",
                                            "target": "div",
                                            "toString": [Function],
                                            "warnTooManyClasses": [Function],
                                            "withComponent": [Function],
                                          }
                                        }
                                        forwardedRef={null}
                                        height={30}
                                        width={30}
                                      >
                                        <div
                                          className="UserAvatar__Avatar-plfgvx-1 kMwImw"
                                          color="white"
                                          height={30}
                                          width={30}
                                        >
                                          <Image
                                            borderRadius="4px"
                                            height={30}
                                            image="test avatar"
                                            width={30}
                                          >
                                            <InView
                                              rootMargin="200px 0px"
                                              threshold={0}
                                              triggerOnce={true}
                                            >
                                              <Image__Img
                                                borderRadius="4px"
                                                height={30}
                                                image="test avatar"
                                                inView={false}
                                                width={30}
                                              >
                                                <StyledComponent
                                                  borderRadius="4px"
                                                  forwardedComponent={
                                                    Object {
                                                      "$$typeof": Symbol(react.forward_ref),
                                                      "attrs": Array [],
                                                      "componentStyle": ComponentStyle {
                                                        "componentId": "Image__Img-sc-1jpuda7-0",
                                                        "isStatic": false,
                                                        "lastClassName": "jAWVlp",
                                                        "rules": Array [
                                                          "height:",
                                                          [Function],
                                                          ";width:",
                                                          [Function],
                                                          ";",
                                                          [Function],
                                                          ";background:",
                                                          [Function],
                                                          ";background-size:cover;opacity:",
                                                          [Function],
                                                          ";transition:opacity ",
                                                          [Function],
                                                          "s;",
                                                          [Function],
                                                          ";",
                                                          [Function],
                                                          ";position:",
                                                          [Function],
                                                          ";",
                                                          [Function],
                                                          ";",
                                                          [Function],
                                                          ";",
                                                          [Function],
                                                          " ",
                                                          [Function],
                                                          ";",
                                                        ],
                                                      },
                                                      "displayName": "Image__Img",
                                                      "foldedComponentIds": Array [],
                                                      "render": [Function],
                                                      "styledComponentId": "Image__Img-sc-1jpuda7-0",
                                                      "target": "div",
                                                      "toString": [Function],
                                                      "warnTooManyClasses": [Function],
                                                      "withComponent": [Function],
                                                    }
                                                  }
                                                  forwardedRef={[Function]}
                                                  height={30}
                                                  image="test avatar"
                                                  inView={false}
                                                  width={30}
                                                >
                                                  <div
                                                    className="Image__Img-sc-1jpuda7-0 jAWVlp"
                                                    height={30}
                                                    width={30}
                                                  />
                                                </StyledComponent>
                                              </Image__Img>
                                            </InView>
                                          </Image>
                                        </div>
                                      </StyledComponent>
                                    </UserAvatar__Avatar>
                                    <Typography__styledComponent>
                                      <StyledComponent
                                        forwardedComponent={
                                          Object {
                                            "$$typeof": Symbol(react.forward_ref),
                                            "attrs": Array [],
                                            "componentStyle": ComponentStyle {
                                              "componentId": "Typography__styledComponent-sc-36xkf6-5",
                                              "isStatic": false,
                                              "lastClassName": "evZVGc",
                                              "rules": Array [
                                                "color:",
                                                [Function],
                                                ";margin:0px;font-weight:",
                                                "bold",
                                                ";",
                                                ";font-size:",
                                                "13",
                                                "px;text-transform:",
                                                [Function],
                                                ";text-align:",
                                                [Function],
                                                ";:hover{color:",
                                                [Function],
                                                ";cursor:",
                                                [Function],
                                                ";}",
                                              ],
                                            },
                                            "displayName": "Typography__styledComponent",
                                            "foldedComponentIds": Array [],
                                            "render": [Function],
                                            "styledComponentId": "Typography__styledComponent-sc-36xkf6-5",
                                            "target": "span",
                                            "toString": [Function],
                                            "warnTooManyClasses": [Function],
                                            "withComponent": [Function],
                                          }
                                        }
                                        forwardedRef={null}
                                      >
                                        <span
                                          className="Typography__styledComponent-sc-36xkf6-5 evZVGc"
                                        >
                                          jimi
                                        </span>
                                      </StyledComponent>
                                    </Typography__styledComponent>
                                  </div>
                                </StyledComponent>
                              </UserAvatar__Container>
                            </UserAvatarComponent>
                          </a>
                        </Link>
                      </div>
                    </StyledComponent>
                  </ResourceRowWithImage__Content>
                </section>
              </StyledComponent>
            </ResourceRowWithImage__Container>
          </div>
        </StyledComponent>
      </ResourceRowWithImage__ResourceRow>
    </ResourceRowWithImage>
  </ThemeProvider>
</Provider>
`;
